../Core/Src/main.c:77:6:delay_us	16	static
../Core/Src/main.c:88:5:main	8	static
../Core/Src/main.c:139:6:SystemClock_Config	80	static
../Core/Src/main.c:178:13:MX_TIM1_Init	32	static
../Core/Src/main.c:224:13:MX_GPIO_Init	56	static
../Core/Src/main.c:280:6:send_lcd_data	24	static
../Core/Src/main.c:300:6:send_lcd_cmd	32	static
../Core/Src/main.c:310:6:send_lcd_text	32	static
../Core/Src/main.c:320:6:lcd_init	8	static
../Core/Src/main.c:349:6:send_lcd_string	24	static
../Core/Src/main.c:364:6:Error_Handler	8	static,ignoring_inline_asm
